// Jest Snapshot v1, https://goo.gl/fbAQLP

exports[`Button Disabled Button clicked should not fire callBack method 1`] = `
.emotion-0 {
  display: -webkit-box;
  display: -webkit-flex;
  display: -ms-flexbox;
  display: flex;
  -webkit-flex-direction: row;
  -ms-flex-direction: row;
  flex-direction: row;
  -webkit-align-items: center;
  -webkit-box-align: center;
  -ms-flex-align: center;
  align-items: center;
  -webkit-box-pack: space-around;
  -ms-flex-pack: space-around;
  -webkit-justify-content: space-around;
  justify-content: space-around;
  min-width: 5.75rem;
  height: 2rem;
  border-radius: 0.438rem;
  cursor: pointer;
  font-weight: 700;
  font-size: 0.813rem;
  background-color: #00DBC7;
  border: 0;
  color: #120D2E;
}

.emotion-0:hover {
  background-color: #00C6B3;
  border: 0;
  color: #120D2E;
}

.emotion-0:disabled {
  cursor: default;
  background-color: #EBEEF0;
  border: 0;
  color: #888596;
}

<div>
  <button
    class="emotion-0"
    disabled=""
  >
    testLabel
  </button>
</div>
`;
